\BOOKMARK [1][-]{section*.1}{\376\377\000A\000b\000s\000t\000r\000a\000c\000t}{}% 1
\BOOKMARK [1][-]{section.1}{\376\377\0001\000\040\000I\000n\000t\000r\000o\000d\000u\000c\000t\000i\000o\000n}{}% 2
\BOOKMARK [1][-]{section.2}{\376\377\0002\000\040\000R\000e\000l\000a\000t\000e\000d\000\040\000W\000o\000r\000k}{}% 3
\BOOKMARK [2][-]{subsection.2.1}{\376\377\0002\000.\0001\000\040\000M\000e\000t\000a\000c\000o\000g\000n\000i\000t\000i\000o\000n\000\040\000a\000n\000d\000\040\000H\000u\000m\000a\000n\000\040\000R\000e\000a\000s\000o\000n\000i\000n\000g}{section.2}% 4
\BOOKMARK [2][-]{subsection.2.2}{\376\377\0002\000.\0002\000\040\000M\000e\000t\000a\000c\000o\000g\000n\000i\000t\000i\000o\000n\000\040\000i\000n\000\040\000H\000u\000m\000a\000n\000-\000A\000I\000\040\000I\000n\000t\000e\000r\000a\000c\000t\000i\000o\000n}{section.2}% 5
\BOOKMARK [2][-]{subsection.2.3}{\376\377\0002\000.\0003\000\040\000R\000e\000a\000s\000o\000n\000i\000n\000g\000\040\000T\000r\000a\000c\000e\000s\000\040\000a\000n\000d\000\040\000A\000I\000\040\000E\000x\000p\000l\000a\000n\000a\000t\000i\000o\000n\000s}{section.2}% 6
\BOOKMARK [1][-]{section.3}{\376\377\0003\000\040\000R\000e\000s\000e\000a\000r\000c\000h\000\040\000M\000o\000d\000e\000l}{}% 7
\BOOKMARK [1][-]{section.4}{\376\377\0004\000\040\000S\000t\000u\000d\000y\000\040\0001\000:\000\040\000M\000e\000t\000h\000o\000d}{}% 8
\BOOKMARK [2][-]{subsection.4.1}{\376\377\0004\000.\0001\000\040\000S\000t\000u\000d\000y\000\040\000D\000e\000s\000i\000g\000n}{section.4}% 9
\BOOKMARK [2][-]{subsection.4.2}{\376\377\0004\000.\0002\000\040\000T\000a\000s\000k\000\040\000D\000e\000s\000c\000r\000i\000p\000t\000i\000o\000n}{section.4}% 10
\BOOKMARK [2][-]{subsection.4.3}{\376\377\0004\000.\0003\000\040\000A\000p\000p\000a\000r\000a\000t\000u\000s}{section.4}% 11
\BOOKMARK [2][-]{subsection.4.4}{\376\377\0004\000.\0004\000\040\000P\000a\000r\000t\000i\000c\000i\000p\000a\000n\000t\000s}{section.4}% 12
\BOOKMARK [2][-]{subsection.4.5}{\376\377\0004\000.\0005\000\040\000P\000r\000o\000c\000e\000d\000u\000r\000e}{section.4}% 13
\BOOKMARK [2][-]{subsection.4.6}{\376\377\0004\000.\0006\000\040\000A\000n\000a\000l\000y\000s\000i\000s}{section.4}% 14
\BOOKMARK [1][-]{section.5}{\376\377\0005\000\040\000S\000t\000u\000d\000y\000\040\0001\000:\000\040\000R\000e\000s\000u\000l\000t\000s}{}% 15
\BOOKMARK [2][-]{subsection.5.1}{\376\377\0005\000.\0001\000\040\000M\000e\000t\000a\000c\000o\000g\000n\000i\000t\000i\000v\000e\000\040\000A\000c\000c\000u\000r\000a\000c\000y}{section.5}% 16
\BOOKMARK [2][-]{subsection.5.2}{\376\377\0005\000.\0002\000\040\000M\000e\000t\000a\000c\000o\000g\000n\000i\000t\000i\000v\000e\000\040\000S\000e\000n\000s\000i\000t\000i\000v\000i\000t\000y}{section.5}% 17
\BOOKMARK [2][-]{subsection.5.3}{\376\377\0005\000.\0003\000\040\000P\000e\000r\000c\000e\000i\000v\000e\000d\000\040\000T\000a\000s\000k\000\040\000W\000o\000r\000k\000l\000o\000a\000d\000\040\000a\000n\000d\000\040\000T\000r\000u\000s\000t}{section.5}% 18
\BOOKMARK [2][-]{subsection.5.4}{\376\377\0005\000.\0004\000\040\000S\000y\000s\000t\000e\000m\000\040\000U\000s\000a\000b\000i\000l\000i\000t\000y}{section.5}% 19
\BOOKMARK [2][-]{subsection.5.5}{\376\377\0005\000.\0005\000\040\000M\000e\000c\000h\000a\000n\000i\000s\000m\000:\000\040\000D\000o\000e\000s\000\040\000t\000h\000e\000\040\000t\000r\000a\000c\000e\000-\000i\000n\000d\000u\000c\000e\000d\000\040\000t\000r\000u\000s\000t\000\040\000g\000a\000i\000n\000\040\000e\000x\000p\000l\000a\000i\000n\000\040\000m\000i\000s\000c\000a\000l\000i\000b\000r\000a\000t\000i\000o\000n\000?}{section.5}% 20
\BOOKMARK [2][-]{subsection.5.6}{\376\377\0005\000.\0006\000\040\000Q\000u\000a\000l\000i\000t\000a\000t\000i\000v\000e\000\040\000A\000n\000a\000l\000y\000s\000i\000s}{section.5}% 21
\BOOKMARK [1][-]{section.6}{\376\377\0006\000\040\000T\000h\000e\000\040\000M\000o\000d\000e\000l\000\040\000C\000o\000n\000f\000o\000u\000n\000d\000\040\000a\000n\000d\000\040\000C\000o\000n\000t\000r\000o\000l\000\040\000S\000t\000u\000d\000y}{}% 22
\BOOKMARK [1][-]{section.7}{\376\377\0007\000\040\000G\000e\000n\000e\000r\000a\000l\000\040\000D\000i\000s\000c\000u\000s\000s\000i\000o\000n}{}% 23
\BOOKMARK [2][-]{subsection.7.1}{\376\377\0007\000.\0001\000\040\000C\000o\000m\000p\000l\000e\000m\000e\000n\000t\000a\000r\000i\000t\000y\000,\000\040\000O\000v\000e\000r\000r\000e\000l\000i\000a\000n\000c\000e\000,\000\040\000a\000n\000d\000\040\000M\000e\000t\000a\000c\000o\000g\000n\000i\000t\000i\000v\000e\000\040\000S\000u\000p\000p\000o\000r\000t}{section.7}% 24
\BOOKMARK [2][-]{subsection.7.2}{\376\377\0007\000.\0002\000\040\000S\000e\000l\000f\000-\000R\000e\000p\000o\000r\000t\000e\000d\000\040\000v\000s\000.\000\040\000O\000b\000s\000e\000r\000v\000e\000d\000\040\000R\000e\000l\000i\000a\000n\000c\000e}{section.7}% 25
\BOOKMARK [2][-]{subsection.7.3}{\376\377\0007\000.\0003\000\040\000S\000u\000m\000m\000a\000r\000y\000\040\000T\000r\000a\000c\000e\000\040\000v\000s\000.\000\040\000S\000h\000o\000r\000t\000\040\000T\000r\000a\000c\000e}{section.7}% 26
\BOOKMARK [2][-]{subsection.7.4}{\376\377\0007\000.\0004\000\040\000R\000e\000a\000s\000o\000n\000i\000n\000g\000\040\000T\000r\000a\000c\000e\000s\000\040\000a\000s\000\040\000a\000n\000\040\000I\000n\000t\000e\000r\000f\000a\000c\000e\000\040\000A\000r\000t\000i\000f\000a\000c\000t}{section.7}% 27
\BOOKMARK [2][-]{subsection.7.5}{\376\377\0007\000.\0005\000\040\000D\000e\000s\000i\000g\000n\000\040\000I\000m\000p\000l\000i\000c\000a\000t\000i\000o\000n\000s}{section.7}% 28
\BOOKMARK [2][-]{subsection.7.6}{\376\377\0007\000.\0006\000\040\000L\000i\000m\000i\000t\000a\000t\000i\000o\000n\000s\000\040\000a\000n\000d\000\040\000F\000u\000t\000u\000r\000e\000\040\000W\000o\000r\000k}{section.7}% 29
\BOOKMARK [1][-]{section.8}{\376\377\0008\000\040\000C\000o\000n\000c\000l\000u\000s\000i\000o\000n}{}% 30
\BOOKMARK [1][-]{section*.14}{\376\377\000R\000e\000f\000e\000r\000e\000n\000c\000e\000s}{}% 31
\BOOKMARK [1][-]{appendix.A}{\376\377\000A\000\040\000P\000r\000e\000r\000e\000g\000i\000s\000t\000e\000r\000e\000d\000\040\000H\000y\000p\000o\000t\000h\000e\000s\000e\000s}{}% 32
\BOOKMARK [1][-]{appendix.B}{\376\377\000B\000\040\000N\000a\000s\000a\000\040\000T\000L\000X\000\040\000Q\000u\000e\000s\000t\000i\000o\000n\000n\000a\000i\000r\000e}{}% 33
\BOOKMARK [1][-]{appendix.C}{\376\377\000C\000\040\000Q\000u\000a\000l\000i\000t\000a\000t\000i\000v\000e\000\040\000A\000n\000a\000l\000y\000s\000i\000s}{}% 34
\BOOKMARK [2][-]{subsection.C.1}{\376\377\000C\000.\0001\000\040\000F\000u\000l\000l\000-\000t\000r\000a\000c\000e\000\040\000C\000o\000n\000d\000i\000t\000i\000o\000n}{appendix.C}% 35
\BOOKMARK [2][-]{subsection.C.2}{\376\377\000C\000.\0002\000\040\000S\000u\000m\000m\000a\000r\000y\000-\000t\000r\000a\000c\000e\000\040\000C\000o\000n\000d\000i\000t\000i\000o\000n}{appendix.C}% 36
\BOOKMARK [1][-]{appendix.D}{\376\377\000D\000\040\000R\000e\000a\000s\000o\000n\000i\000n\000g\000-\000T\000r\000a\000c\000e\000\040\000E\000x\000p\000o\000s\000u\000r\000e\000\040\000A\000c\000r\000o\000s\000s\000\040\000P\000r\000o\000v\000i\000d\000e\000r\000s}{}% 37
\BOOKMARK [2][-]{subsection.D.1}{\376\377\000D\000.\0001\000\040\000W\000h\000y\000\040\000t\000h\000e\000\040\000d\000e\000s\000i\000g\000n\000\040\000c\000o\000u\000l\000d\000\040\000n\000o\000t\000\040\000b\000e\000\040\000m\000o\000d\000i\000f\000i\000e\000d}{appendix.D}% 38
\BOOKMARK [2][-]{subsection.D.2}{\376\377\000D\000.\0002\000\040\000P\000r\000o\000v\000i\000d\000e\000r\000s}{appendix.D}% 39
\BOOKMARK [2][-]{subsection.D.3}{\376\377\000D\000.\0003\000\040\000R\000e\000q\000u\000e\000s\000t\000s\000\040\000t\000o\000\040\000r\000e\000p\000e\000a\000t\000\040\000t\000h\000e\000s\000e\000\040\000s\000t\000u\000d\000i\000e\000s\000\040\000w\000i\000t\000h\000\040\000a\000\040\000n\000e\000w\000e\000r\000\040\000m\000o\000d\000e\000l}{appendix.D}% 40
\BOOKMARK [1][-]{appendix.E}{\376\377\000E\000\040\000C\000o\000n\000t\000r\000o\000l\000\040\000S\000t\000u\000d\000y\000:\000\040\000M\000e\000t\000h\000o\000d}{}% 41
\BOOKMARK [2][-]{subsection.E.1}{\376\377\000E\000.\0001\000\040\000C\000o\000n\000t\000r\000o\000l\000\040\000S\000t\000u\000d\000y\000\040\000D\000e\000s\000i\000g\000n}{appendix.E}% 42
\BOOKMARK [2][-]{subsection.E.2}{\376\377\000E\000.\0002\000\040\000M\000o\000d\000e\000l\000s\000\040\000a\000n\000d\000\040\000I\000n\000t\000e\000r\000f\000a\000c\000e\000\040\000R\000a\000t\000i\000o\000n\000a\000l\000e}{appendix.E}% 43
\BOOKMARK [2][-]{subsection.E.3}{\376\377\000E\000.\0003\000\040\000P\000a\000r\000t\000i\000c\000i\000p\000a\000n\000t\000s}{appendix.E}% 44
\BOOKMARK [2][-]{subsection.E.4}{\376\377\000E\000.\0004\000\040\000P\000r\000o\000c\000e\000d\000u\000r\000e}{appendix.E}% 45
\BOOKMARK [2][-]{subsection.E.5}{\376\377\000E\000.\0005\000\040\000M\000e\000a\000s\000u\000r\000e\000s}{appendix.E}% 46
\BOOKMARK [2][-]{subsection.E.6}{\376\377\000E\000.\0006\000\040\000A\000n\000a\000l\000y\000s\000i\000s}{appendix.E}% 47
\BOOKMARK [1][-]{appendix.F}{\376\377\000F\000\040\000C\000o\000n\000t\000r\000o\000l\000\040\000S\000t\000u\000d\000y\000:\000\040\000R\000e\000s\000u\000l\000t\000s}{}% 48
\BOOKMARK [2][-]{subsection.F.1}{\376\377\000F\000.\0001\000\040\000M\000a\000n\000i\000p\000u\000l\000a\000t\000i\000o\000n\000\040\000C\000h\000e\000c\000k}{appendix.F}% 49
\BOOKMARK [2][-]{subsection.F.2}{\376\377\000F\000.\0002\000\040\000O\000b\000j\000e\000c\000t\000i\000v\000e\000\040\000T\000a\000s\000k\000\040\000P\000e\000r\000f\000o\000r\000m\000a\000n\000c\000e}{appendix.F}% 50
\BOOKMARK [2][-]{subsection.F.3}{\376\377\000F\000.\0003\000\040\000O\000v\000e\000r\000e\000s\000t\000i\000m\000a\000t\000i\000o\000n\000\040\000B\000i\000a\000s}{appendix.F}% 51
\BOOKMARK [2][-]{subsection.F.4}{\376\377\000F\000.\0004\000\040\000M\000e\000t\000a\000c\000o\000g\000n\000i\000t\000i\000v\000e\000\040\000S\000e\000n\000s\000i\000t\000i\000v\000i\000t\000y}{appendix.F}% 52
\BOOKMARK [2][-]{subsection.F.5}{\376\377\000F\000.\0005\000\040\000F\000o\000l\000l\000o\000w\000-\000U\000p\000\040\000R\000a\000t\000i\000n\000g\000s}{appendix.F}% 53
